// Jest Snapshot v1, https://goo.gl/fbAQLP

exports[`Authentication.js tests renders as expected prior to navigating 1`] = `
<span
  style={
    Object {
      "alignItems": "center",
      "backgroundColor": "#9d4ba3",
      "display": "flex",
      "flexDirection": "column",
      "height": "100%",
      "width": "100%",
    }
  }
>
  <AppBarWithLogo />
  <span
    style={
      Object {
        "alignItems": "center",
        "alignSelf": "stretch",
        "display": "flex",
        "flex": 1,
        "justifyContent": "center",
      }
    }
  >
    <span
      style={
        Object {
          "marginBottom": 20,
          "padding": 20,
        }
      }
    />
  </span>
</span>
`;
